// Vitest Snapshot v1, https://vitest.dev/guide/snapshot.html

exports[`Plainfield regression narrative > matches the full seven-day snapshot 1`] = `
"Rain chances increase late Friday, with showers and thunderstorms likely Saturday (peak chance around 80%). Heat is not the primary concern, but heat indices may reach around 91 by Wednesday. Humidity builds through the week, with dew points rising from the mid 60s into the low 70s.
Thursday (today) — High 83. Dew point steady near 64 — sticky. Heat index peaks near 84, close to the air temperature. Sunny.
Friday — High 86. Dew point steady near 65 — sticky. Heat index peaks near 88, close to the air temperature. Mostly sunny for much of the day, with rain chances increasing late in the day and overnight — peak chance around 50%.
Saturday — High near 75 expected. Dew point steady near 68 — muggy. Showers and thunderstorms, peak rain chance around 80%. Not hot, but humid enough to feel heavy between showers.
Sunday — High near 80 expected. Dew point steady near 67 — muggy. Heat index expected to peak near 82, close to the air temperature. Chance of showers, peak rain chance around 30%.
Monday — Currently forecast near 82. Dew point steady near 68 — muggy. Heat index expected to peak near 85, about 3° above the air temperature. Mostly sunny. Timing may still change.
Tuesday — Currently forecast near 84. Dew point steady near 71 — oppressive. Heat index expected to peak near 89, about 5° above the air temperature. Sunny. Air stays mostly still, offering limited relief. Timing may still change.
Wednesday — Currently forecast near 85. Dew point steady near 72 — oppressive. Heat index expected to peak near 91, about 6° above the air temperature. Chance of showers, peak rain chance around 40%. Winds stay light and variable, so there is little relief in the sun. Timing may still change.
Every day above is backed by the NWS hourly grid."
`;
